// Jest Snapshot v1, https://goo.gl/fbAQLP

exports[`Calculator renders correctly 1`] = `
<div
  class="calculatorCont"
>
  <h2
    class="calculatorTitle"
  >
    Calculator
  </h2>
  <div
    class="calculator"
  >
    <div
      class="calc-wrapper"
    >
      <div
        class="inputCont"
      >
        0
      </div>
      <div
        class="rows"
      >
        <button
          class="calculatorButton"
          type="button"
        >
          AC
        </button>
        <button
          class="calculatorButton"
          type="button"
        >
          +/-
        </button>
        <button
          class="calculatorButton"
          type="button"
        >
          %
        </button>
        <button
          class="calculatorButton"
          type="button"
        >
          รท
        </button>
        <button
          class="calculatorButton"
          type="button"
        >
          7
        </button>
        <button
          class="calculatorButton"
          type="button"
        >
          8
        </button>
        <button
          class="calculatorButton"
          type="button"
        >
          9
        </button>
        <button
          class="calculatorButton"
          type="button"
        >
          x
        </button>
        <button
          class="calculatorButton"
          type="button"
        >
          4
        </button>
        <button
          class="calculatorButton"
          type="button"
        >
          5
        </button>
        <button
          class="calculatorButton"
          type="button"
        >
          6
        </button>
        <button
          class="calculatorButton"
          type="button"
        >
          -
        </button>
        <button
          class="calculatorButton"
          type="button"
        >
          1
        </button>
        <button
          class="calculatorButton"
          type="button"
        >
          2
        </button>
        <button
          class="calculatorButton"
          type="button"
        >
          3
        </button>
        <button
          class="calculatorButton"
          type="button"
        >
          +
        </button>
        <button
          class="calculatorButton"
          type="button"
        >
          0
        </button>
        <button
          class="calculatorButton"
          type="button"
        >
          .
        </button>
        <button
          class="calculatorButton"
          type="button"
        >
          =
        </button>
      </div>
    </div>
  </div>
</div>
`;
